node.exe : Found 1 wa
rning while optimizin
g generated CSS:
発生場所 行:1 文字:1
+ & "C:\Program Files
\nodejs/node.exe" "C:
\Program Files\nodejs
/node_mo ...
+ ~~~~~~~~~~~~~~~~~~~
~~~~~~~~~~~~~~~~~~~~~
~~~~~~~~~~~~~~~~~~~~~
~~~~~~~~
    + CategoryInfo   
           : NotSpe  
  cified: (Found 1   
  warning... gene    
rated CSS::Strin    g
) [], RemoteExc    ep
tion
    + FullyQualified 
   ErrorId : Native  
  CommandError
 

[2m笏・  }[22m
[2m笏・}[22m
[2m笏・[22m @import ur
l("https://fonts.goog
leapis.com/css2?famil
y=Nunito:wght@400;500
;600;700;800;900&disp
lay=swap");
[2m笏・[22m        [3
3m[2m^--[22m @impor
t rules must precede 
all rules aside from 
@charset and @layer s
tatements[39m
[2m笏・[22m
[2m笏・:root {[22m
[2m笏・  --bg-from: #1
a0533;[22m

[?25h
